[    0.000000] Initializing cgroup subsys cpuset
[    0.000000] Initializing cgroup subsys cpu
[    0.000000] Initializing cgroup subsys cpuacct
[    0.000000] Linux version 4.4.0-178-generic (buildd@lgw01-amd64-017) (gcc version 5.4.0 20160609 (Ubuntu 5.4.0-6ubuntu1~16.04.12) ) #208-Ubuntu SMP Sun Apr 5 23:45:10 UTC 2020 (Ubuntu 4.4.0-178.208-generic 4.4.217)
[    0.000000] Command line: BOOT_IMAGE=/boot/vmlinuz-4.4.0-178-generic root=UUID=48628860-7699-4c6a-971e-5165408082e0 ro console=tty1 console=ttyS0
[    0.000000] KERNEL supported cpus:
[    0.000000]   Intel GenuineIntel
[    0.000000]   AMD AuthenticAMD
[    0.000000]   Centaur CentaurHauls
[    0.000000] x86/fpu: xstate_offset[2]:  576, xstate_sizes[2]:  256
[    0.000000] x86/fpu: Supporting XSAVE feature 0x01: 'x87 floating point registers'
[    0.000000] x86/fpu: Supporting XSAVE feature 0x02: 'SSE registers'
[    0.000000] x86/fpu: Supporting XSAVE feature 0x04: 'AVX registers'
[    0.000000] x86/fpu: Enabled xstate features 0x7, context size is 832 bytes, using 'standard' format.
[    0.000000] e820: BIOS-provided physical RAM map:
[    0.000000] BIOS-e820: [mem 0x0000000000000000-0x000000000009fbff] usable
[    0.000000] BIOS-e820: [mem 0x000000000009fc00-0x000000000009ffff] reserved
[    0.000000] BIOS-e820: [mem 0x00000000000f0000-0x00000000000fffff] reserved
[    0.000000] BIOS-e820: [mem 0x0000000000100000-0x000000003ffeffff] usable
[    0.000000] BIOS-e820: [mem 0x000000003fff0000-0x000000003fffffff] ACPI data
[    0.000000] BIOS-e820: [mem 0x00000000fec00000-0x00000000fec00fff] reserved
[    0.000000] BIOS-e820: [mem 0x00000000fee00000-0x00000000fee00fff] reserved
[    0.000000] BIOS-e820: [mem 0x00000000fffc0000-0x00000000ffffffff] reserved
[    0.000000] NX (Execute Disable) protection: active
[    0.000000] SMBIOS 2.5 present.
[    0.000000] Hypervisor detected: KVM
[    0.000000] e820: last_pfn = 0x3fff0 max_arch_pfn = 0x400000000
[    0.000000] MTRR: Disabled
[    0.000000] x86/PAT: MTRRs disabled, skipping PAT initialization too.
[    0.000000] CPU MTRRs all blank - virtualized system.
[    0.000000] x86/PAT: Configuration [0-7]: WB  WT  UC- UC  WB  WT  UC- UC  
[    0.000000] found SMP MP-table at [mem 0x0009fff0-0x0009ffff] mapped at [ffff88000009fff0]
[    0.000000] Scanning 1 areas for low memory corruption
[    0.000000] RAMDISK: [mem 0x361cc000-0x370ddfff]
[    0.000000] ACPI: Early table checksum verification disabled
[    0.000000] ACPI: RSDP 0x00000000000E0000 000024 (v02 VBOX  )
[    0.000000] ACPI: XSDT 0x000000003FFF0030 00003C (v01 VBOX   VBOXXSDT 00000001 ASL  00000061)
[    0.000000] ACPI: FACP 0x000000003FFF00F0 0000F4 (v04 VBOX   VBOXFACP 00000001 ASL  00000061)
[    0.000000] ACPI: DSDT 0x000000003FFF0470 0022EA (v02 VBOX   VBOXBIOS 00000002 INTL 20100528)
[    0.000000] ACPI: FACS 0x000000003FFF0200 000040
[    0.000000] ACPI: FACS 0x000000003FFF0200 000040
[    0.000000] ACPI: APIC 0x000000003FFF0240 00005C (v02 VBOX   VBOXAPIC 00000001 ASL  00000061)
[    0.000000] ACPI: SSDT 0x000000003FFF02A0 0001CC (v01 VBOX   VBOXCPUT 00000002 INTL 20100528)
[    0.000000] No NUMA configuration found
[    0.000000] Faking a node at [mem 0x0000000000000000-0x000000003ffeffff]
[    0.000000] NODE_DATA(0) allocated [mem 0x3ffeb000-0x3ffeffff]
[    0.000000] kvm-clock: Using msrs 4b564d01 and 4b564d00
[    0.000000] kvm-clock: cpu 0, msr 0:3ffe3001, primary cpu clock
[    0.000000] kvm-clock: using sched offset of 4913051491 cycles
[    0.000000] clocksource: kvm-clock: mask: 0xffffffffffffffff max_cycles: 0x1cd42e4dffb, max_idle_ns: 881590591483 ns
[    0.000000] Zone ranges:
[    0.000000]   DMA      [mem 0x0000000000001000-0x0000000000ffffff]
[    0.000000]   DMA32    [mem 0x0000000001000000-0x000000003ffeffff]
[    0.000000]   Normal   empty
[    0.000000]   Device   empty
[    0.000000] Movable zone start for each node
[    0.000000] Early memory node ranges
[    0.000000]   node   0: [mem 0x0000000000001000-0x000000000009efff]
[    0.000000]   node   0: [mem 0x0000000000100000-0x000000003ffeffff]
[    0.000000] Initmem setup node 0 [mem 0x0000000000001000-0x000000003ffeffff]
[    0.000000] ACPI: PM-Timer IO Port: 0x4008
[    0.000000] IOAPIC[0]: apic_id 2, version 32, address 0xfec00000, GSI 0-23
[    0.000000] ACPI: INT_SRC_OVR (bus 0 bus_irq 0 global_irq 2 dfl dfl)
[    0.000000] ACPI: INT_SRC_OVR (bus 0 bus_irq 9 global_irq 9 low level)
[    0.000000] Using ACPI (MADT) for SMP configuration information
[    0.000000] smpboot: Allowing 2 CPUs, 0 hotplug CPUs
[    0.000000] PM: Registered nosave memory: [mem 0x00000000-0x00000fff]
[    0.000000] PM: Registered nosave memory: [mem 0x0009f000-0x0009ffff]
[    0.000000] PM: Registered nosave memory: [mem 0x000a0000-0x000effff]
[    0.000000] PM: Registered nosave memory: [mem 0x000f0000-0x000fffff]
[    0.000000] e820: [mem 0x40000000-0xfebfffff] available for PCI devices
[    0.000000] Booting paravirtualized kernel on KVM
[    0.000000] clocksource: refined-jiffies: mask: 0xffffffff max_cycles: 0xffffffff, max_idle_ns: 7645519600211568 ns
[    0.000000] setup_percpu: NR_CPUS:512 nr_cpumask_bits:512 nr_cpu_ids:2 nr_node_ids:1
[    0.000000] PERCPU: Embedded 33 pages/cpu @ffff88003fc00000 s95448 r8192 d31528 u1048576
[    0.000000] Built 1 zonelists in Node order, mobility grouping on.  Total pages: 257912
[    0.000000] Policy zone: DMA32
[    0.000000] Kernel command line: BOOT_IMAGE=/boot/vmlinuz-4.4.0-178-generic root=UUID=48628860-7699-4c6a-971e-5165408082e0 ro console=tty1 console=ttyS0
[    0.000000] PID hash table entries: 4096 (order: 3, 32768 bytes)
[    0.000000] Memory: 997120K/1048120K available (8626K kernel code, 1336K rwdata, 4036K rodata, 1488K init, 1292K bss, 51000K reserved, 0K cma-reserved)
[    0.000000] SLUB: HWalign=64, Order=0-3, MinObjects=0, CPUs=2, Nodes=1
[    0.000000] Kernel/User page tables isolation: enabled
[    0.000000] Hierarchical RCU implementation.
[    0.000000] 	Build-time adjustment of leaf fanout to 64.
[    0.000000] 	RCU restricting CPUs from NR_CPUS=512 to nr_cpu_ids=2.
[    0.000000] RCU: Adjusting geometry for rcu_fanout_leaf=64, nr_cpu_ids=2
[    0.000000] NR_IRQS:33024 nr_irqs:440 16
[    0.000000] Console: colour VGA+ 80x25
[    0.000000] console [tty1] enabled
[    0.000000] console [ttyS0] enabled
[    0.000000] tsc: Detected 2303.998 MHz processor
[    0.174757] Calibrating delay loop (skipped) preset value.. 4607.99 BogoMIPS (lpj=9215992)
[    0.177096] pid_max: default: 32768 minimum: 301
[    0.178520] ACPI: Core revision 20150930
[    0.180252] ACPI: 2 ACPI AML tables successfully acquired and loaded
[    0.182938] Security Framework initialized
[    0.183908] Yama: becoming mindful.
[    0.184778] AppArmor: AppArmor initialized
[    0.185830] Dentry cache hash table entries: 131072 (order: 8, 1048576 bytes)
[    0.189503] Inode-cache hash table entries: 65536 (order: 7, 524288 bytes)
[    0.191559] Mount-cache hash table entries: 2048 (order: 2, 16384 bytes)
[    0.192997] Mountpoint-cache hash table entries: 2048 (order: 2, 16384 bytes)
[    0.194667] Initializing cgroup subsys io
[    0.195649] Initializing cgroup subsys memory
[    0.196653] Initializing cgroup subsys devices
[    0.197815] Initializing cgroup subsys freezer
[    0.199324] Initializing cgroup subsys net_cls
[    0.200346] Initializing cgroup subsys perf_event
[    0.201440] Initializing cgroup subsys net_prio
[    0.202489] Initializing cgroup subsys hugetlb
[    0.203509] Initializing cgroup subsys pids
[    0.205899] mce: CPU supports 0 MCE banks
[    0.207233] Last level iTLB entries: 4KB 64, 2MB 8, 4MB 8
[    0.208787] Last level dTLB entries: 4KB 64, 2MB 0, 4MB 0, 1GB 4
[    0.210603] Spectre V1 : Mitigation: usercopy/swapgs barriers and __user pointer sanitization
[    0.212554] Spectre V2 : Mitigation: Full generic retpoline
[    0.214358] Spectre V2 : Spectre v2 / SpectreRSB mitigation: Filling RSB on context switch
[    0.217249] Speculative Store Bypass: Vulnerable
[    0.218874] MDS: Mitigation: Clear CPU buffers
[    0.222401] Freeing SMP alternatives memory: 36K
[    0.229290] ftrace: allocating 32308 entries in 127 pages
[    0.286297] smpboot: APIC(0) Converting physical 0 to logical package 0
[    0.289239] smpboot: Max logical packages: 1
[    0.290937] x2apic enabled
[    0.292138] Switched APIC routing to physical x2apic.
[    0.294542] ..TIMER: vector=0x30 apic1=0 pin1=2 apic2=-1 pin2=-1
[    0.403996] smpboot: CPU0: Intel(R) Core(TM) i5-7360U CPU @ 2.30GHz (family: 0x6, model: 0x8e, stepping: 0x9)
[    0.408193] Performance Events: unsupported p6 CPU model 142 no PMU driver, software events only.
[    0.422794] KVM setup paravirtual spinlock
[    0.424814] x86: Booting SMP configuration:
[    0.426127] .... node  #0, CPUs:      #1
[    0.427597] kvm-clock: cpu 1, msr 0:3ffe3041, secondary cpu clock
[    0.433562] mce: CPU supports 0 MCE banks
[    0.449555] x86: Booted up 1 node, 2 CPUs
[    0.451059] smpboot: Total of 2 processors activated (9215.99 BogoMIPS)
[    0.453630] devtmpfs: initialized
[    0.475531] evm: security.selinux
[    0.477291] evm: security.SMACK64
[    0.478670] evm: security.SMACK64EXEC
[    0.480541] evm: security.SMACK64TRANSMUTE
[    0.483243] evm: security.SMACK64MMAP
[    0.484411] evm: security.ima
[    0.485466] evm: security.capability
[    0.487001] clocksource: jiffies: mask: 0xffffffff max_cycles: 0xffffffff, max_idle_ns: 7645041785100000 ns
[    0.492551] futex hash table entries: 512 (order: 3, 32768 bytes)
[    0.494078] pinctrl core: initialized pinctrl subsystem
[    0.495479] RTC time: 18:47:40, date: 05/19/20
[    0.496822] NET: Registered protocol family 16
[    0.511389] cpuidle: using governor ladder
[    0.522562] cpuidle: using governor menu
[    0.526678] PCCT header not found.
[    0.528097] ACPI: bus type PCI registered
[    0.529852] acpiphp: ACPI Hot Plug PCI Controller Driver version: 0.5
[    0.535078] PCI: Using configuration type 1 for base access
[    0.547911] ACPI: Added _OSI(Module Device)
[    0.550353] ACPI: Added _OSI(Processor Device)
[    0.551931] ACPI: Added _OSI(3.0 _SCP Extensions)
[    0.553479] ACPI: Added _OSI(Processor Aggregator Device)
[    0.562345] ACPI: Executed 1 blocks of module-level executable AML code
[    0.567296] ACPI: Interpreter enabled
[    0.568651] ACPI: (supports S0 S5)
[    0.569792] ACPI: Using IOAPIC for interrupt routing
[    0.572026] PCI: Using host bridge windows from ACPI; if necessary, use "pci=nocrs" and report a bug
[    0.583960] ACPI: PCI Root Bridge [PCI0] (domain 0000 [bus 00-ff])
[    0.587642] acpi PNP0A03:00: _OSC: OS supports [ASPM ClockPM Segments MSI]
[    0.598691] acpi PNP0A03:00: _OSC: not requesting OS control; OS requires [ExtendedConfig ASPM ClockPM MSI]
[    0.605043] acpi PNP0A03:00: fail to add MMCONFIG information, can't access extended PCI configuration space under this bridge.
[    0.618825] PCI host bridge to bus 0000:00
[    0.620470] pci_bus 0000:00: root bus resource [io  0x0000-0x0cf7 window]
[    0.625970] pci_bus 0000:00: root bus resource [io  0x0d00-0xffff window]
[    0.630651] pci_bus 0000:00: root bus resource [mem 0x000a0000-0x000bffff window]
[    0.638439] pci_bus 0000:00: root bus resource [mem 0x40000000-0xfdffffff window]
[    0.662266] pci_bus 0000:00: root bus resource [bus 00-ff]
[    0.668368] pci 0000:00:01.1: legacy IDE quirk: reg 0x10: [io  0x01f0-0x01f7]
[    0.682634] pci 0000:00:01.1: legacy IDE quirk: reg 0x14: [io  0x03f6]
[    0.685062] pci 0000:00:01.1: legacy IDE quirk: reg 0x18: [io  0x0170-0x0177]
[    0.687252] pci 0000:00:01.1: legacy IDE quirk: reg 0x1c: [io  0x0376]
[    0.722299] pci 0000:00:07.0: quirk: [io  0x4000-0x403f] claimed by PIIX4 ACPI
[    0.725596] pci 0000:00:07.0: quirk: [io  0x4100-0x410f] claimed by PIIX4 SMB
[    0.739832] ACPI: PCI Interrupt Link [LNKA] (IRQs 5 9 10 *11)
[    0.742635] ACPI: PCI Interrupt Link [LNKB] (IRQs 5 9 *10 11)
[    0.744697] ACPI: PCI Interrupt Link [LNKC] (IRQs 5 *9 10 11)
[    0.747605] ACPI: PCI Interrupt Link [LNKD] (IRQs 5 9 10 *11)
[    0.750704] ACPI: Enabled 2 GPEs in block 00 to 07
[    0.752302] vgaarb: setting as boot device: PCI:0000:00:02.0
[    0.755877] vgaarb: device added: PCI:0000:00:02.0,decodes=io+mem,owns=io+mem,locks=none
[    0.759051] vgaarb: loaded
[    0.759799] vgaarb: bridge control possible 0000:00:02.0
[    0.761271] SCSI subsystem initialized
[    0.762555] ACPI: bus type USB registered
[    0.764187] usbcore: registered new interface driver usbfs
[    0.766805] usbcore: registered new interface driver hub
[    0.768464] usbcore: registered new device driver usb
[    0.769852] PCI: Using ACPI for IRQ routing
[    0.773116] NetLabel: Initializing
[    0.774403] NetLabel:  domain hash size = 128
[    0.775636] NetLabel:  protocols = UNLABELED CIPSOv4
[    0.778888] NetLabel:  unlabeled traffic allowed by default
[    0.782078] amd_nb: Cannot enumerate AMD northbridges
[    0.783842] clocksource: Switched to clocksource kvm-clock
[    0.794863] AppArmor: AppArmor Filesystem Enabled
[    0.797957] pnp: PnP ACPI init
[    0.800705] pnp: PnP ACPI: found 3 devices
[    0.812889] clocksource: acpi_pm: mask: 0xffffff max_cycles: 0xffffff, max_idle_ns: 2085701024 ns
[    0.818384] NET: Registered protocol family 2
[    0.819893] TCP established hash table entries: 8192 (order: 4, 65536 bytes)
[    0.823794] TCP bind hash table entries: 8192 (order: 5, 131072 bytes)
[    0.826500] TCP: Hash tables configured (established 8192 bind 8192)
[    0.827951] UDP hash table entries: 512 (order: 2, 16384 bytes)
[    0.831256] UDP-Lite hash table entries: 512 (order: 2, 16384 bytes)
[    0.833226] NET: Registered protocol family 1
[    0.834624] pci 0000:00:00.0: Limiting direct PCI/PCI transfers
[    0.842095] pci 0000:00:01.0: Activating ISA DMA hang workarounds
[    0.844257] Unpacking initramfs...
[    1.187941] Freeing initrd memory: 15432K
[    1.195331] clocksource: tsc: mask: 0xffffffffffffffff max_cycles: 0x2135f5e6f15, max_idle_ns: 440795231538 ns
[    1.201420] platform rtc_cmos: registered platform RTC device (no PNP device found)
[    1.204743] Scanning for low memory corruption every 60 seconds
[    1.207263] audit: initializing netlink subsys (disabled)
[    1.209576] audit: type=2000 audit(1589914067.308:1): initialized
[    1.211810] Initialise system trusted keyring
[    1.214090] HugeTLB registered 2 MB page size, pre-allocated 0 pages
[    1.223840] zbud: loaded
[    1.226715] VFS: Disk quotas dquot_6.6.0
[    1.232536] VFS: Dquot-cache hash table entries: 512 (order 0, 4096 bytes)
[    1.238972] squashfs: version 4.0 (2009/01/31) Phillip Lougher
[    1.243943] fuse init (API version 7.23)
[    1.246545] Key type big_key registered
[    1.249165] Allocating IMA MOK and blacklist keyrings.
[    1.254095] Key type asymmetric registered
[    1.258727] Asymmetric key parser 'x509' registered
[    1.260560] Block layer SCSI generic (bsg) driver version 0.4 loaded (major 249)
[    1.264524] io scheduler noop registered
[    1.267267] io scheduler deadline registered (default)
[    1.269426] io scheduler cfq registered
[    1.270590] pci_hotplug: PCI Hot Plug PCI Core version: 0.5
[    1.274176] pciehp: PCI Express Hot Plug Controller Driver version: 0.4
[    1.278508] ACPI: AC Adapter [AC] (on-line)
[    1.280192] input: Power Button as /devices/LNXSYSTM:00/LNXPWRBN:00/input/input0
[    1.284928] ACPI: Power Button [PWRF]
[    1.286292] input: Sleep Button as /devices/LNXSYSTM:00/LNXSLPBN:00/input/input1
[    1.293157] ACPI: Sleep Button [SLPF]
[    1.295932] GHES: HEST is not enabled!
[    1.296671] ACPI: Battery Slot [BAT0] (battery present)
[    1.300188] Serial: 8250/16550 driver, 32 ports, IRQ sharing enabled
[    1.323748] 00:02: ttyS0 at I/O 0x3f8 (irq = 4, base_baud = 115200) is a 16550A
[    1.330864] Linux agpgart interface v0.103
[    1.339820] loop: module loaded
[    1.342467] scsi host0: ata_piix
[    1.344032] scsi host1: ata_piix
[    1.345098] ata1: PATA max UDMA/33 cmd 0x1f0 ctl 0x3f6 bmdma 0xd000 irq 14
[    1.346728] ata2: PATA max UDMA/33 cmd 0x170 ctl 0x376 bmdma 0xd008 irq 15
[    1.349721] libphy: Fixed MDIO Bus: probed
[    1.351808] tun: Universal TUN/TAP device driver, 1.6
[    1.353605] tun: (C) 1999-2004 Max Krasnyansky <maxk@qualcomm.com>
[    1.357465] PPP generic driver version 2.4.2
[    1.360325] ehci_hcd: USB 2.0 'Enhanced' Host Controller (EHCI) Driver
[    1.363132] ehci-pci: EHCI PCI platform driver
[    1.364793] ehci-platform: EHCI generic platform driver
[    1.367457] ohci_hcd: USB 1.1 'Open' Host Controller (OHCI) Driver
[    1.369144] ohci-pci: OHCI PCI platform driver
[    1.370177] ohci-platform: OHCI generic platform driver
[    1.375253] uhci_hcd: USB Universal Host Controller Interface driver
[    1.378905] i8042: PNP: PS/2 Controller [PNP0303:PS2K,PNP0f03:PS2M] at 0x60,0x64 irq 1,12
[    1.382660] serio: i8042 KBD port at 0x60,0x64 irq 1
[    1.384941] serio: i8042 AUX port at 0x60,0x64 irq 12
[    1.386669] mousedev: PS/2 mouse device common for all mice
[    1.390609] input: AT Translated Set 2 keyboard as /devices/platform/i8042/serio0/input/input2
[    1.395522] rtc_cmos rtc_cmos: rtc core: registered rtc_cmos as rtc0
[    1.399863] rtc_cmos rtc_cmos: alarms up to one day, 114 bytes nvram
[    1.402021] i2c /dev entries driver
[    1.402935] device-mapper: uevent: version 1.0.3
[    1.407645] device-mapper: ioctl: 4.34.0-ioctl (2015-10-28) initialised: dm-devel@redhat.com
[    1.411032] ledtrig-cpu: registered to indicate activity on CPUs
[    1.413280] NET: Registered protocol family 10
[    1.418213] NET: Registered protocol family 17
[    1.420101] Key type dns_resolver registered
[    1.424844] registered taskstats version 1
[    1.426158] Loading compiled-in X.509 certificates
[    1.428195] Loaded X.509 cert 'Build time autogenerated kernel key: f33c437cc9123d9712070bdfe932b55b24c56047'
[    1.436558] zswap: loaded using pool lzo/zbud
[    1.444484] Key type trusted registered
[    1.451085] Key type encrypted registered
[    1.453082] AppArmor: AppArmor sha1 policy hashing enabled
[    1.456789] ima: No TPM chip found, activating TPM-bypass!
[    1.459600] ima: Allocated hash algorithm: sha1
[    1.462160] evm: HMAC attrs: 0x1
[    1.466559]   Magic number: 4:567:797
[    1.468103] rtc_cmos rtc_cmos: setting system clock to 2020-05-19 18:47:41 UTC (1589914061)
[    1.470180] BIOS EDD facility v0.16 2004-Jun-25, 0 devices found
[    1.473326] EDD information not available.
[    1.510573] Freeing unused kernel memory: 1488K
[    1.512776] Write protecting the kernel read-only data: 14336k
[    1.516526] Freeing unused kernel memory: 1604K
[    1.518736] Freeing unused kernel memory: 60K
Loading, please wait...
starting version 229
[    1.544037] random: systemd-udevd: uninitialized urandom read (16 bytes read, 3 bits of entropy available)
[    1.544659] random: udevadm: uninitialized urandom read (16 bytes read, 3 bits of entropy available)
[    1.544680] random: udevadm: uninitialized urandom read (16 bytes read, 3 bits of entropy available)
[    1.554895] random: udevadm: uninitialized urandom read (16 bytes read, 3 bits of entropy available)
[    1.554963] random: udevadm: uninitialized urandom read (16 bytes read, 3 bits of entropy available)
[    1.555134] random: udevadm: uninitialized urandom read (16 bytes read, 3 bits of entropy available)
[    1.555190] random: udevadm: uninitialized urandom read (16 bytes read, 3 bits of entropy available)
[    1.555257] random: udevadm: uninitialized urandom read (16 bytes read, 3 bits of entropy available)
[    1.555315] random: udevadm: uninitialized urandom read (16 bytes read, 3 bits of entropy available)
[    1.555373] random: udevadm: uninitialized urandom read (16 bytes read, 3 bits of entropy available)
[    1.625397] e1000: Intel(R) PRO/1000 Network Driver - version 7.3.21-k8-NAPI
[    1.627287] e1000: Copyright (c) 1999-2006 Intel Corporation.
[    1.629354] Fusion MPT base driver 3.04.20
[    1.631325] Copyright (c) 1999-2008 LSI Corporation
[    1.645882] Fusion MPT SPI Host driver 3.04.20
[    1.679736] AVX2 version of gcm_enc/dec engaged.
[    1.682130] AES CTR mode by8 optimization enabled
[    1.850805] input: ImExPS/2 Generic Explorer Mouse as /devices/platform/i8042/serio1/input/input4
[    2.218641] e1000 0000:00:03.0 eth0: (PCI:33MHz:32-bit) 02:20:67:8c:d5:af
[    2.223426] e1000 0000:00:03.0 eth0: Intel(R) PRO/1000 Network Connection
[    3.103335] e1000 0000:00:08.0 eth1: (PCI:33MHz:32-bit) 08:00:27:a6:85:69
[    3.105679] e1000 0000:00:08.0 eth1: Intel(R) PRO/1000 Network Connection
[    3.110420] e1000 0000:00:08.0 enp0s8: renamed from eth1
[    3.112295] mptbase: ioc0: Initiating bringup
[    3.128696] e1000 0000:00:03.0 enp0s3: renamed from eth0
[    3.188253] ioc0: LSI53C1030 A0: Capabilities={Initiator}
[    3.355850] scsi host2: ioc0: LSI53C1030 A0, FwRev=00000000h, Ports=1, MaxQ=256, IRQ=20
[    3.473611] scsi 2:0:0:0: Direct-Access     VBOX     HARDDISK         1.0  PQ: 0 ANSI: 5
[    3.477649] scsi target2:0:0: Beginning Domain Validation
[    3.483213] scsi target2:0:0: Domain Validation skipping write tests
[    3.484779] scsi target2:0:0: Ending Domain Validation
[    3.485981] scsi target2:0:0: asynchronous
[    3.489827] scsi 2:0:1:0: Direct-Access     VBOX     HARDDISK         1.0  PQ: 0 ANSI: 5
[    3.492578] scsi target2:0:1: Beginning Domain Validation
[    3.507224] scsi target2:0:1: Domain Validation skipping write tests
[    3.509634] scsi target2:0:1: Ending Domain Validation
[    3.510838] scsi target2:0:1: asynchronous
[    3.519600] sd 2:0:0:0: [sda] 20971520 512-byte logical blocks: (10.7 GB/10.0 GiB)
[    3.519748] sd 2:0:0:0: Attached scsi generic sg0 type 0
[    3.524718] sd 2:0:1:0: Attached scsi generic sg1 type 0
[    3.524795] sd 2:0:1:0: [sdb] 20480 512-byte logical blocks: (10.5 MB/10.0 MiB)
[    3.525057] sd 2:0:1:0: [sdb] Write Protect is off
[    3.525215] sd 2:0:1:0: [sdb] Incomplete mode parameter data
[    3.525216] sd 2:0:1:0: [sdb] Assuming drive cache: write through
[    3.528420] sd 2:0:1:0: [sdb] Attached SCSI disk
[    3.537986] sd 2:0:0:0: [sda] Write Protect is off
[    3.540757] sd 2:0:0:0: [sda] Incomplete mode parameter data
[    3.543220] sd 2:0:0:0: [sda] Assuming drive cache: write through
[    3.547443]  sda: sda1
[    3.551646] sd 2:0:0:0: [sda] Attached SCSI disk
Begin: Loading essential drivers ... [    4.917500] md: linear personality registered for level -1
[    4.921479] md: multipath personality registered for level -4
[    4.926221] md: raid0 personality registered for level 0
[    4.932395] md: raid1 personality registered for level 1
[    5.004262] raid6: sse2x1   gen() 10689 MB/s
[    5.072034] raid6: sse2x1   xor()  7844 MB/s
[    5.143574] raid6: sse2x2   gen() 13706 MB/s
[    5.212795] raid6: sse2x2   xor()  9212 MB/s
[    5.279894] raid6: sse2x4   gen() 14549 MB/s
[    5.347933] raid6: sse2x4   xor()  9931 MB/s
[    5.415959] raid6: avx2x1   gen() 17291 MB/s
[    5.483864] raid6: avx2x2   gen() 23664 MB/s
[    5.551926] raid6: avx2x4   gen() 25553 MB/s
[    5.553286] raid6: using algorithm avx2x4 gen() 25553 MB/s
[    5.556870] raid6: using avx2x2 recovery algorithm
[    5.560125] xor: automatically using best checksumming function:
[    5.600409]    avx       : 24855.000 MB/sec
[    5.603015] async_tx: api initialized (async)
[    5.619136] md: raid6 personality registered for level 6
[    5.622505] md: raid5 personality registered for level 5
[    5.624310] md: raid4 personality registered for level 4
[    5.633920] md: raid10 personality registered for level 10
done.
Begin: Running /scripts/init-premount ... done.
Begin: Mounting root file system ... Begin: Running /scripts/local-top ... done.
Begin: Running /scripts/local-premount ... [    5.667957] Btrfs loaded
Scanning for Btrfs filesystems
done.
Warning: fsck not present, so skipping root file system
[    5.715128] EXT4-fs (sda1): mounted filesystem with ordered data mode. Opts: (null)
done.
Begin: Running /scripts/local-bottom ... done.
Begin: Running /scripts/init-bottom ... done.
[    5.900573] systemd[1]: systemd 229 running in system mode. (+PAM +AUDIT +SELINUX +IMA +APPARMOR +SMACK +SYSVINIT +UTMP +LIBCRYPTSETUP +GCRYPT +GNUTLS +ACL +XZ -LZ4 +SECCOMP +BLKID +ELFUTILS +KMOD -IDN)
[    5.904824] systemd[1]: Detected virtualization oracle.
[    5.906034] systemd[1]: Detected architecture x86-64.

Welcome to [1mUbuntu 16.04.6 LTS[0m!

[    5.910795] systemd[1]: Set hostname to <ubuntu-xenial>.
[    6.118068] systemd[1]: Listening on Syslog Socket.
[[0;32m  OK  [0m] Listening on Syslog Socket.
[    6.129326] systemd[1]: Created slice System Slice.
[[0;32m  OK  [0m] Created slice System Slice.
[    6.136498] systemd[1]: Listening on Journal Socket (/dev/log).
[[0;32m  OK  [0m] Listening on Journal Socket (/dev/log).
[    6.140007] systemd[1]: Reached target User and Group Name Lookups.
[[0;32m  OK  [0m] Reached target User and Group Name Lookups.
[    6.198263] systemd[1]: Started Trigger resolvconf update for networkd DNS.
[[0;32m  OK  [0m] Started Trigger resolvconf update for networkd DNS.
[    6.214315] systemd[1]: Listening on udev Control Socket.
[[0;32m  OK  [0m] Listening on udev Control Socket.
[    6.217636] systemd[1]: Listening on LVM2 poll daemon socket.
[[0;32m  OK  [0m] Listening on LVM2 poll daemon socket.
[    6.220702] systemd[1]: Listening on Journal Socket.
[[0;32m  OK  [0m] Listening on Journal Socket.
[    6.872311] systemd[1]: Mounting POSIX Message Queue File System...
         Mounting POSIX Message Queue File System...
[    6.876766] systemd[1]: Started Forward Password Requests to Wall Directory Watch.
[[0;32m  OK  [0m] Started Forward Password Requests to Wall Directory Watch.
[    6.890693] systemd[1]: Starting Create list of required static device nodes for the current kernel...
         Starting Create list of required st... nodes for the current kernel...
[    6.907815] systemd[1]: Starting Load Kernel Modules...
         Starting Load Kernel Modules...
[    6.913592] systemd[1]: Listening on Journal Audit Socket.
[[0;32m  OK  [0m] Listening on Journal Audit Socket.
[    6.925149] systemd[1]: Starting Uncomplicated firewall...
         Starting Uncomplicated firewall...
[    6.930027] Loading iSCSI transport class v2.0-870.
[    6.932232] systemd[1]: Listening on udev Kernel Socket.
[[0;32m  OK  [0m] Listening on udev Kernel Socket.
[    6.945402] iscsi: registered transport (tcp)
[    6.945576] systemd[1]: Mounting Huge Pages File System...
         Mounting Huge Pages File System...
[    6.953772] systemd[1]: Starting Journal Service...
         Starting Journal Service...
[    6.963328] systemd[1]: Starting Set console keymap...
         Starting Set console keymap...
[    6.971547] systemd[1]: Set up automount Arbitrary Executable File Formats File System Automount Point.
[[0;32m  OK  [0m] Set up automount Arbitrary Executab...ats File System Automount Point.
[    6.987668] systemd[1]: Mounting Debug File System...
         Mounting Debug File System...
[    6.997831] systemd[1]: Listening on LVM2 metadata daemon socket.
[[0;32m  OK  [0m] Listening on LVM2 metadata daemon socket.
[    7.028791] systemd[1]: Starting Remount Root and Kernel File Systems...
         Starting Remount Root and Kernel File Systems...
[    7.045951] systemd[1]: Created slice system-serial\x2dgetty.slice.
[    7.047916] EXT4-fs (sda1): re-mounted. Opts: (null)
[[0;32m  OK  [0m] Created slice system-serial\x2dgetty.slice.
[    7.058002] systemd[1]: Created slice User and Session Slice.
[[0;32m  OK  [0m] Created slice User and Session Slice.
[    7.072095] systemd[1]: Reached target Slices.
[[0;32m  OK  [0[    7.075937] iscsi: registered transport (iser)
m] Reached target Slices.
[    7.079049] systemd[1]: Listening on Device-mapper event daemon FIFOs.
[[0;32m  OK  [0m] Listening on Device-mapper event daemon FIFOs.
[    7.100930] systemd[1]: Starting Monitoring of LVM2 mirrors, snapshots etc. using dmeventd or progress polling...
[    7.107914] random: nonblocking pool is initialized
         Starting Monitoring of LVM2 mirrors... dmeventd or progress polling...
[    7.124592] systemd[1]: Listening on /dev/initctl Compatibility Named Pipe.
[[0;32m  OK  [0m] Listening on /dev/initctl Compatibility Named Pipe.
[    7.140295] systemd[1]: Reached target Swap.
[[0;32m  OK  [0m] Reached target Swap.
[    7.143364] systemd[1]: Reached target System Time Synchronized.
[[0;32m  OK  [0m] Reached target System Time Synchronized.
[    7.168648] systemd[1]: Starting Nameserver information manager...
         Starting Nameserver information manager...
[    7.176227] systemd[1]: Reached target Encrypted Volumes.
[[0;32m  OK  [0m] Reached target Encrypted Volumes.
[    7.186023] systemd[1]: Mounted Huge Pages File System.
[[0;32m  OK  [0m] Mounted Huge Pages File System.
[    7.192446] systemd[1]: Mounted POSIX Message Queue File System.
[[0;32m  OK  [0m] Mounted POSIX Message Queue File System.
[    7.206252] systemd[1]: Mounted Debug File System.
[[0;32m  OK  [0m] Mounted Debug File System.
[    7.216859] systemd[1]: Started Journal Service.
[[0;32m  OK  [0m] Started Journal Service.
[[0;32m  OK  [0m] Started Create list of required sta...ce nodes for the current kernel.
[[0;32m  OK  [0m] Started Load Kernel Modules.
[[0;32m  OK  [0m] Started Uncomplicated firewall.
[[0;32m  OK  [0m] Started Set console keymap.
[[0;32m  OK  [0m] Started Remount Root and Kernel File Systems.
[[0;32m  OK  [0m] Started LVM2 metadata daemon.
         Starting Load/Save Random Seed...
         Starting udev Coldplug all Devices...
         Mounting FUSE Control File System...
         Starting Apply Kernel Variables...
         Starting Create Static Device Nodes in /dev...
         Starting Flush Journal to Persistent Storage...
[[0;32m  OK  [0m] Mounted FUSE Control File System.
[[0;32m  OK  [0m] Started Nameserver information manager.
[[0;32m  OK  [0m] Started Load/Save Random Seed.
[[0;32m  OK  [0m] Started Apply Kernel Variables.
[[0;32m  OK  [0m] Started Flush Journal to Persistent Storage.
[[0;32m  OK  [0m] Started Create Static Device Nodes in /dev.
         Starting udev Kernel Device Manager...
[[0;32m  OK  [0m] Started udev Coldplug all Devices.
[[0;32m  OK  [0m] Started udev Kernel Device Manager.
[[0;32m  OK  [0m] Started Dispatch Password Requests to Console Directory Watch.
[[0;32m  OK  [0m] Found device /dev/ttyS0.
[[0;32m  OK  [0m] Listening on Load/Save RF Kill Switch Status /dev/rfkill Watch.
[[0;32m  OK  [0m] Found device 82540EM Gigabit Ethern...r (PRO/1000 MT Desktop Adapter).
[[0;32m  OK  [0m] Started Monitoring of LVM2 mirrors,...ng dmeventd or progress polling.
[[0;32m  OK  [0m] Found device 82540EM Gigabit Ethern...r (PRO/1000 MT Desktop Adapter).
[[0;32m  OK  [0m] Reached target Local File Systems (Pre).
[[0;32m  OK  [0m] Reached target Local File Systems.
         Starting LSB: AppArmor initialization...
         Starting Initial cloud-init job (pre-networking)...
         Starting Create Volatile Files and Directories...
         Starting Set console font and keymap...
         Starting Tell Plymouth To Write Out Runtime Data...
[[0;32m  OK  [0m] Started Tell Plymouth To Write Out Runtime Data.
[[0;32m  OK  [0m] Started Create Volatile Files and Directories.
         Starting Update UTMP about System Boot/Shutdown...
[[0;32m  OK  [0m] Started Update UTMP about System Boot/Shutdown.
[[0;32m  OK  [0m] Started LSB: AppArmor initialization.
[[0;32m  OK  [0m] Started Set console font and keymap.
[[0;32m  OK  [0m] Created slice system-getty.slice.
[    8.839230] cloud-init[649]: Cloud-init v. 19.4-33-gbb4131a2-0ubuntu1~16.04.1 running 'init-local' at Tue, 19 May 2020 18:47:48 +0000. Up 8.54 seconds.
[[0;32m  OK  [0m] Started Initial cloud-init job (pre-networking).
[[0;32m  OK  [0m] Reached target Network (Pre).
         Starting Raise network interfaces...
[[0;32m  OK  [0m] Started ifup for enp0s8.
[[0;32m  OK  [0m] Started ifup for enp0s3.
[[0;32m  OK  [0m] Started Raise network interfaces.
[[0;32m  OK  [0m] Reached target Network.
         Starting Initial cloud-init job (metadata service crawler)...
[    9.661383] cloud-init[1083]: Cloud-init v. 19.4-33-gbb4131a2-0ubuntu1~16.04.1 running 'init' at Tue, 19 May 2020 18:47:49 +0000. Up 9.41 seconds.
[    9.669161] cloud-init[1083]: ci-info: ++++++++++++++++++++++++++++++++++++++Net device info+++++++++++++++++++++++++++++++++++++++
[    9.671725] cloud-init[1083]: ci-info: +--------+------+-----------------------------+---------------+--------+-------------------+
[    9.674513] cloud-init[1083]: ci-info: | Device |  Up  |           Address           |      Mask     | Scope  |     Hw-Address    |
[    9.676953] cloud-init[1083]: ci-info: +--------+------+-----------------------------+---------------+--------+-------------------+
[    9.679190] cloud-init[1083]: ci-info: | enp0s3 | True |          10.0.2.15          | 255.255.255.0 | global | 02:20:67:8c:d5:af |
[    9.682100] cloud-init[1083]: ci-info: | enp0s3 | True |  fe80::20:67ff:fe8c:d5af/64 |       .       |  link  | 02:20:67:8c:d5:af |
[    9.684564] cloud-init[1083]: ci-info: | enp0s8 | True |        192.168.33.10        | 255.255.255.0 | global | 08:00:27:a6:85:69 |
[    9.688100] cloud-init[1083]: ci-info: | enp0s8 | True | fe80::a00:27ff:fea6:8569/64 |       .       |  link  | 08:00:27:a6:85:69 |
[    9.697045] cloud-init[1083]: ci-info: |   lo   | True |          127.0.0.1          |   255.0.0.0   |  host  |         .         |
[    9.699467] cloud-init[1083]: ci-info: |   lo   | True |           ::1/128           |       .       |  host  |         .         |[[0;32m  OK  [0m] Started Initial cloud-init job (metadata service crawler).
[[0;32m  OK  [0m] Reached target Cloud-config availability.
[[0;32m  OK  [0m] Reached target System Initialization.
[[0;32m  OK  [0m] Listening on UUID daemon activation socket.

[    9.706207] cloud-init[1083]: ci-info: +--------+------+-----------------------------+---------------+--------+-------------------+
[    9.713507]          Starting LXD - unix socket.
cloud-init[1083]: ci-info: ++++++++++++++++++++++++++++Route IPv4 info++++++++++++++++++++++++++++
[[0;32m  OK  [0m] Started ACPI Events Check.
[[0;32m  OK  [0m] Reached target Paths.
[[0;32m  OK  [0m] Listening on ACPID Listen Socket.
[    9.730918] cloud-init[1083]: ci-info: +-------+--------------+----------+---------------+-----------+-------+
[    9.765750] cloud-init[1083]: ci-info: | Route | Destination  | Gateway  |    Genmask    | Interface | Flags |
[[0;32m  OK  [0m] Listening on D-Bus System Message Bus Socket.
[    9.785454] cloud-init[1083]: ci-info: +-------+--------------+----------+---------------+-----------+-------+
[    9.801714] [[0;32m  OK  [0m] Started Message of the Day.
[[0;32m  OK  [0m] Started Daily apt download activities.
[[0;32m  OK  [0m] Started Daily apt upgrade and clean activities.
         Starting Socket activation for snappy daemon.
[[0;32m  OK  [0m] Started Daily Cleanup of Temporary Directories.
cloud-init[1083]: ci-info: |   0   |   0.0.0.0    | 10.0.2.2 |    0.0.0.0    |   enp0s3  |   UG  |
[    9.809279] [[0;32m  OK  [0m] Reached target Timers.
cloud-init[1083]: ci-info: |   1   |   10.0.2.0   | 0.0.0.0  | 255.255.255.0 |   enp0s3  |   U   |
[    9.817029] cloud-init[1083]: ci-info: |   2   | 192.168.33.0 | 0.0.0.0  | 255.255.255.0 |   enp0s8  |   U   |
[    9.818483] cloud-init[1083]: ci-info: +-------+--------------+----------+---------------+-----------+-------+
[    9.818799] cloud-init[1083]: ci-info: +++++++++++++++++++Route IPv6 info+++++++++++++++++++
[[0;32m  OK  [0m] Reached target Network is Online.
[    9.820784] cloud-init[1083]: ci-info: +-------+-------------+---------+-----------+-------+
[    9.824541] cloud-init[1083]: ci-info: | Route | Destination | Gateway | Interface | Flags |
[    9.833663] cloud-init[1083]: ci-info: +-------+-------------+---------+-----------+-------+
[    9.841420] cloud-init[1083]:          Starting iSCSI initiator daemon (iscsid)...
ci-info: |   0   |  fe80::/64  |    ::   |   enp0s8  |   U   |
[    9.844907] cloud-init[1083]: ci-info: |   1   |  fe80::/64  |    ::   |   enp0s3  |   U   |
[[0;32m  OK  [0m] Listening on LXD - unix socket.
[[0;32m  OK  [0m] Listening on Socket activation for snappy daemon.
[[0;32m  OK  [0m] Reached target Sockets.
[    9.847911] cloud-init[1083]: ci-info: |   4   |   ff00::/8  |    ::   |   enp0s8  |   U   |
[[0;32m  OK  [0m] Reached target Basic System.
[    9.861372] cloud-init[1083]: ci-info: |   5   |   ff00::/8  |    ::   |   enp0s3  |   U   |
         Starting LSB: Record successful boot for GRUB...[    9.865226] cloud-init[1083]: ci-info: +-------+-------------+---------+-----------+-------+

[[0;32m  OK  [0m] Started Regular background program processing daemon.
         Starting /etc/rc.local Compatibility...
[[0;32m  OK  [0m] Started D-Bus System Message Bus.
[[0;32m  OK  [0m] Started FUSE filesystem for LXC.
         Starting Virtualbox guest utils...
         Starting Accounts Service...
[[0;32m  OK  [0m] Started Deferred execution scheduler.
         Starting LXD - container startup/shutdown...
         Starting System Logging Service...
         Starting LSB: MD monitoring daemon...
         Starting OpenBSD Secure Shell server...
         Starting Login Service...
         Starting MySQL Community Server...
         Starting Snappy daemon...
[[0;32m  OK  [0m] Started ACPI event daemon.
[[0;32m  OK  [0m] Started System Logging Service.
[[0;32m  OK  [0m] Started iSCSI initiator daemon (iscsid).
[[0;32m  OK  [0m] Started /etc/rc.local Compatibility.
[[0;32m  OK  [0m] Started OpenBSD Secure Shell server.
[[0;32m  OK  [0m] Started Login Service.
[[0;32m  OK  [0m] Started Unattended Upgrades Shutdown.
         Starting Authenticate and Authorize Users to Run Privileged Tasks...
         Starting Login to default iSCSI targets...
[[0;32m  OK  [0m] Started LSB: Record successful boot for GRUB.
[[0;32m  OK  [0m] Started LSB: MD monitoring daemon.
[[0;32m  OK  [0m] Started Login to default iSCSI targets.
[[0;32m  OK  [0m] Reached target Remote File Systems (Pre).
[[0;32m  OK  [0m] Reached target Remote File Systems.
         Starting LSB: Set the CPU Frequency Scaling governor to "ondemand"...
         Starting LSB: Apache2 web server...
         Starting Permit User Sessions...
         Starting LSB: daemon to balance interrupts for SMP systems...
         Starting LSB: automatic crash report generation...
[[0;32m  OK  [0m] Started LXD - container startup/shutdown.
[[0;32m  OK  [0m] Started Permit User Sessions.
[[0;32m  OK  [0m] Started Authenticate and Authorize Users to Run Privileged Tasks.
[[0;32m  OK  [0m] Started Accounts Service.
         Starting Hold until boot process finishes up...
         Starting Terminate Plymouth Boot Screen...
[[0;32m  OK  [0m] Started Hold until boot process finishes up.
[[0;32m  OK  [0m] Started Getty on tty1.
[[0;32m  OK  [0m] Started Serial Getty on ttyS0.
[[0;32m  OK  [0m] Reached target Login Prompts.
         Starting Set console scheme...
[[0;32m  OK  [0m] Started LSB: Set the CPU Frequency Scaling governor to "ondemand".
[[0;32m  OK  [0m] Started Terminate Plymouth Boot Screen.
[[0;32m  OK  [0m] Started LSB: daemon to balance interrupts for SMP systems.
[[0;32m  OK  [0m] Started LSB: automatic crash report generation.
[[0;32m  OK  [0m] Started Set console scheme.
[[0;32m  OK  [0m] Started Virtualbox guest utils.
[[0;32m  OK  [0m] Started Snappy daemon.
         Starting Wait until snapd is fully seeded...
[[0;32m  OK  [0m] Started Wait until snapd is fully seeded.
         Starting Apply the settings specified in cloud-config...
[[0;32m  OK  [0m] Created slice User Slice of vagrant.
         Starting User Manager for UID 1000...
[[0;32m  OK  [0m] Started Session 1 of user vagrant.
[[0;32m  OK  [0m] Started User Manager for UID 1000.
[[0;32m  OK  [0m] Started LSB: Apache2 web server.
[   11.918005] cloud-init[1386]: Cloud-init v. 19.4-33-gbb4131a2-0ubuntu1~16.04.1 running 'modules:config' at Tue, 19 May 2020 18:47:52 +0000. Up 11.76 seconds.
[[0;32m  OK  [0m] Started Apply the settings specified in cloud-config.
[[0;32m  OK  [0m] Started MySQL Community Server.
[[0;32m  OK  [0m] Reached target Multi-User System.
[[0;32m  OK  [0m] Reached target Graphical Interface.
         Starting Update UTMP about System Runlevel Changes...
         Starting Execute cloud user/final scripts...
[[0;32m  OK  [0m] Started Update UTMP about System Runlevel Changes.
[   12.688186] cloud-init[1511]: Cloud-init v. 19.4-33-gbb4131a2-0ubuntu1~16.04.1 running 'modules:final' at Tue, 19 May 2020 18:47:52 +0000. Up 12.58 seconds.
[   12.708106] cloud-init[1511]: Cloud-init v. 19.4-33-gbb4131a2-0ubuntu1~16.04.1 finished at Tue, 19 May 2020 18:47:53 +0000. Datasource DataSourceNoCloud [seed=/dev/sdb][dsmode=net].  Up 12.68 seconds
[[0;32m  OK  [0m] Started Execute cloud user/final scripts.
[[0;32m  OK  [0m] Reached target Cloud-init target.

Ubuntu 16.04.6 LTS ubuntu-xenial ttyS0

ubuntu-xenial login: [16731.244394] e1000 0000:00:03.0 enp0s3: Detected Tx Unit Hang
[16731.244394]   Tx Queue             <0>
[16731.244394]   TDH                  <ca>
[16731.244394]   TDT                  <5>
[16731.244394]   next_to_use          <5>
[16731.244394]   next_to_clean        <ca>
[16731.244394] buffer_info[next_to_clean]
[16731.244394]   time_stamp           <1003eacf0>
[16731.244394]   next_to_watch        <cd>
[16731.244394]   jiffies              <1003eaf5d>
[16731.244394]   next_to_watch.status <0>
[16733.255071] e1000 0000:00:03.0 enp0s3: Detected Tx Unit Hang
[16733.255071]   Tx Queue             <0>
[16733.255071]   TDH                  <ca>
[16733.255071]   TDT                  <5>
[16733.255071]   next_to_use          <5>
[16733.255071]   next_to_clean        <ca>
[16733.255071] buffer_info[next_to_clean]
[16733.255071]   time_stamp           <1003eacf0>
[16733.255071]   next_to_watch        <cd>
[16733.255071]   jiffies              <1003eb154>
[16733.255071]   next_to_watch.status <0>
[16735.265555] e1000 0000:00:03.0 enp0s3: Detected Tx Unit Hang
[16735.265555]   Tx Queue             <0>
[16735.265555]   TDH                  <ca>
[16735.265555]   TDT                  <5>
[16735.265555]   next_to_use          <5>
[16735.265555]   next_to_clean        <ca>
[16735.265555] buffer_info[next_to_clean]
[16735.265555]   time_stamp           <1003eacf0>
[16735.265555]   next_to_watch        <cd>
[16735.265555]   jiffies              <1003eb34a>
[16735.265555]   next_to_watch.status <0>
[16737.274746] e1000 0000:00:03.0 enp0s3: Detected Tx Unit Hang
[16737.274746]   Tx Queue             <0>
[16737.274746]   TDH                  <ca>
[16737.274746]   TDT                  <5>
[16737.274746]   next_to_use          <5>
[16737.274746]   next_to_clean        <ca>
[16737.274746] buffer_info[next_to_clean]
[16737.274746]   time_stamp           <1003eacf0>
[16737.274746]   next_to_watch        <cd>
[16737.274746]   jiffies              <1003eb541>
[16737.274746]   next_to_watch.status <0>
[16738.575139] e1000 0000:00:03.0 enp0s3: Reset adapter
